// Jest Snapshot v1, https://goo.gl/fbAQLP

exports[`Horizontal Card should render correctly 1`] = `
<HorizontalCard
  className=""
>
  <div
    className="h-card card-undefined"
  />
</HorizontalCard>
`;
