// Jest Snapshot v1, https://goo.gl/fbAQLP

exports[`UserThumbnail should render UserThumbnail correctly 1`] = `
<UserThumbnail
  image="image_url.png"
  info="@sample_name"
  name="sample name"
  url="http://example.com/randomuser"
>
  <a
    className="user-thumbnail"
    href="http://example.com/randomuser"
  >
    <Avatar
      className=""
      url="image_url.png"
    >
      <img
        alt="avatar"
        className="avatar "
        src="image_url.png"
      />
    </Avatar>
    <div>
      <span
        className="name"
      >
         
        sample name
         
      </span>
      <span
        className="info"
      >
         @
         
      </span>
    </div>
  </a>
</UserThumbnail>
`;
